Tablas vaciadas (truncate).
Pasada 1: 165 canciones, 1000 chunks (estrofas).
Codebook entrenado (id=1, 2437 términos) -> models\text\codebook_text.json
codewords_text: 2437 términos con IDF (N=1000).
Pasada 2: insertados 1000 chunks (+ histogramas + tsv).
Imágenes candidatas: 162 | rejilla 3x3 | k=256 | presupuesto de chunks: 1000
Etiquetas de styles.csv: 44446 productos (articleType).
Pasada 1: 162 imágenes, 771646 descriptores SIFT para entrenamiento (91.2s).
Codebook entrenado (id=2, 256 visual words) -> models\image\codebook_image.npy

=== REPORTE DE INGESTA (imagen) ===
Tiempo pasada 2       : 1.59 min
Imágenes insertadas   : 112
Imágenes ilegibles    : 0
Chunks insertados     : 1000
   -> Cargando modelo K-Means global desde models\audio\kmeans_256_fma.joblib
Codebook registrado (id=3, 256 acoustic words).
Géneros FMA cargados: 49598 tracks (genre_top).
Canciones a ingestar: 8000 | presupuesto de chunks: 1000

[1/8000] 000002... OK
[2/8000] 000005... OK
[3/8000] 000010... OK
[4/8000] 000140... OK
[5/8000] 000141... OK
[6/8000] 000148... OK
[7/8000] 000182... OK
[8/8000] 000190... OK
[9/8000] 000193... OK
[10/8000] 000194... OK
[11/8000] 000197... OK
[12/8000] 000200... OK
[13/8000] 000203... OK
[14/8000] 000204... OK
[15/8000] 000207... OK
[16/8000] 000210... OK
[17/8000] 000211... OK
[18/8000] 000212... OK
[19/8000] 000213... OK
[20/8000] 000255... OK
[21/8000] 000256... OK
[22/8000] 000368... OK
[23/8000] 000424... OK
[24/8000] 000459... OK
[25/8000] 000534... OK
[26/8000] 000540... OK
[27/8000] 000546... OK
[28/8000] 000574... OK
[29/8000] 000602... OK
[30/8000] 000615... OK
[31/8000] 000620... OK
[32/8000] 000621... OK
[33/8000] 000625... OK
[34/8000] 000666... OK
[35/8000] 000667... OK
[36/8000] 000676... OK
[37/8000] 000690... OK
[38/8000] 000694... OK
[39/8000] 000695... OK
[40/8000] 000704... OK
[41/8000] 000705... OK
[42/8000] 000706... OK
[43/8000] 000707... OK
[44/8000] 000708... OK
[45/8000] 000709... OK
[46/8000] 000714... OK
[47/8000] 000715... OK
[48/8000] 000716... OK
[49/8000] 000718... OK
[50/8000] 000777... OK

Presupuesto de chunks alcanzado (1000).

=== REPORTE DE INGESTA (audio) ===
Tiempo total          : 0.46 min
Canciones con éxito   : 50
Canciones con error   : 0
Chunks insertados     : 1000
