[C:\vcpkg\buildtrees\mpg123\src\-66150af195.clean\src\libmpg123\layer3.c:INT123_do_layer3():1948] error: dequantization failed!
[C:\vcpkg\buildtrees\mpg123\src\-66150af195.clean\src\libmpg123\layer3.c:INT123_do_layer3():1908] error: dequantization failed!
[C:\vcpkg\buildtrees\mpg123\src\-66150af195.clean\src\libmpg123\layer3.c:INT123_do_layer3():1908] error: dequantization failed!
[C:\vcpkg\buildtrees\mpg123\src\-66150af195.clean\src\libmpg123\layer3.c:INT123_do_layer3():1880] error: part2_3_length (3360) too large for available bit count (3240)
[C:\vcpkg\buildtrees\mpg123\src\-66150af195.clean\src\libmpg123\layer3.c:INT123_do_layer3():1880] error: part2_3_length (3328) too large for available bit count (3240)
Note: Illegal Audio-MPEG-Header 0x00000000 at offset 33361.
Note: Trying to resync...
Note: Skipped 1024 bytes in input.
[C:\vcpkg\buildtrees\mpg123\src\-66150af195.clean\src\libmpg123\parse.c:wetwork():1389] error: Giving up resync after 1024 bytes - your stream is not nice... (maybe increasing resync limit could help).
D:\multimodal-search\src\audio\splitter.py:17: UserWarning: PySoundFile failed. Trying audioread instead.
  y, sr = librosa.load(content, sr=None)
D:\multimodal-search\.venv\Lib\site-packages\librosa\core\audio.py:184: FutureWarning: librosa.core.audio.__audioread_load
	Deprecated as of librosa version 0.10.0.
	It will be removed in librosa version 1.0.
  y, sr_native = __audioread_load(path, offset, duration, dtype)
Note: Illegal Audio-MPEG-Header 0x00000000 at offset 22401.
Note: Trying to resync...
Note: Skipped 1024 bytes in input.
[C:\vcpkg\buildtrees\mpg123\src\-66150af195.clean\src\libmpg123\parse.c:wetwork():1389] error: Giving up resync after 1024 bytes - your stream is not nice... (maybe increasing resync limit could help).
[C:\vcpkg\buildtrees\mpg123\src\-66150af195.clean\src\libmpg123\layer3.c:INT123_do_layer3():1908] error: dequantization failed!
Note: Illegal Audio-MPEG-Header 0x00000000 at offset 63168.
Note: Trying to resync...
Note: Skipped 1024 bytes in input.
[C:\vcpkg\buildtrees\mpg123\src\-66150af195.clean\src\libmpg123\parse.c:wetwork():1389] error: Giving up resync after 1024 bytes - your stream is not nice... (maybe increasing resync limit could help).
[C:\vcpkg\buildtrees\mpg123\src\-66150af195.clean\src\libmpg123\parse.c:do_readahead():1123] warning: Cannot read next header, a one-frame stream? Duh...
[C:\vcpkg\buildtrees\mpg123\src\-66150af195.clean\src\libmpg123\parse.c:do_readahead():1123] warning: Cannot read next header, a one-frame stream? Duh...
