Tablas vaciadas (truncate).
Pasada 1: 165 canciones, 1000 chunks (estrofas).
Codebook entrenado (id=1, 2437 términos) -> models\text\codebook_text.json
codewords_text: 2437 términos con IDF (N=1000).
Pasada 2: insertados 1000 chunks (+ histogramas + tsv).
Imágenes candidatas: 162 | rejilla 3x3 | k=256 | presupuesto de chunks: 1000
Etiquetas de styles.csv: 44446 productos (articleType).
Pasada 1: 162 imágenes, 771646 descriptores SIFT para entrenamiento (96.8s).
Codebook entrenado (id=2, 256 visual words) -> models\image\codebook_image.npy

=== REPORTE DE INGESTA (imagen) ===
Tiempo pasada 2       : 1.71 min
Imágenes insertadas   : 112
Imágenes ilegibles    : 0
Chunks insertados     : 1000
   -> Cargando modelo K-Means global desde models\audio\kmeans_256_fma.joblib
Codebook registrado (id=3, 256 acoustic words).
Géneros FMA cargados: 49598 tracks (genre_top).
Canciones a ingestar: 8000 | presupuesto de chunks: 1000

[1/8000] 000002... OK
[2/8000] 000005... OK
[3/8000] 000010... OK
[4/8000] 000140... OK
[5/8000] 000141... OK
[6/8000] 000148... OK
[7/8000] 000182... OK
[8/8000] 000190... OK
[9/8000] 000193... OK
[10/8000] 000194... OK
[11/8000] 000197... OK
[12/8000] 000200... OK
[13/8000] 000203... OK
[14/8000] 000204... OK
[15/8000] 000207... OK
[16/8000] 000210... OK
[17/8000] 000211... OK
[18/8000] 000212... OK
[19/8000] 000213... OK
[20/8000] 000255... OK
[21/8000] 000256... OK
[22/8000] 000368... OK
[23/8000] 000424... OK
[24/8000] 000459... OK
[25/8000] 000534... OK
[26/8000] 000540... OK
[27/8000] 000546... OK
[28/8000] 000574... OK
[29/8000] 000602... OK
[30/8000] 000615... OK
[31/8000] 000620... OK
[32/8000] 000621... OK
[33/8000] 000625... OK
[34/8000] 000666... OK
[35/8000] 000667... OK
[36/8000] 000676... OK
[37/8000] 000690... OK
[38/8000] 000694... OK
[39/8000] 000695... OK
[40/8000] 000704... OK
[41/8000] 000705... OK
[42/8000] 000706... OK
[43/8000] 000707... OK
[44/8000] 000708... OK
[45/8000] 000709... OK
[46/8000] 000714... OK
[47/8000] 000715... OK
[48/8000] 000716... OK
[49/8000] 000718... OK
[50/8000] 000777... OK

Presupuesto de chunks alcanzado (1000).

=== REPORTE DE INGESTA (audio) ===
Tiempo total          : 0.46 min
Canciones con éxito   : 50
Canciones con error   : 0
Chunks insertados     : 1000
Construyendo índice (text) del codebook id=1...

--- ÍNDICE CONSTRUIDO ---
Chunks indexados     : 1000
Términos/visual words: 2437
Postings totales     : 15135
Tiempo de build      : 107.2 ms
Tiempo de guardado   : 5.2 ms
Tamaño en disco      : 0.19 MB
Guardado en          : models\text\index_text.pkl
Construyendo índice (image) del codebook id=2...

--- ÍNDICE CONSTRUIDO ---
Chunks indexados     : 1000
Términos/visual words: 256
Postings totales     : 78517
Tiempo de build      : 73.6 ms
Tiempo de guardado   : 22.3 ms
Tamaño en disco      : 1.06 MB
Guardado en          : models\image\index_image.pkl
Construyendo índice (audio) del codebook id=3...

--- ÍNDICE CONSTRUIDO ---
Chunks indexados     : 50
Términos/visual words: 175
Postings totales     : 545
Tiempo de build      : 8.4 ms
Tiempo de guardado   : 0.6 ms
Tamaño en disco      : 0.01 MB
Guardado en          : models\audio\index_audio.pkl
[INFO] Chunks de 'text' en la BD: 1000 (escala declarada: 1k = 1000)
[INFO] Etiquetas de relevancia: 165 sources, 5 clases.
[INFO] --queries vacío. Muestreando 5 consultas de la BD...
[INFO] Consultas seleccionadas: ["I saw it in the mirror  \nI saw it in my face  \nThat I'm no longer needed  \nAnyone can take my place  \nI saw it in the mirror  \nWhen I looked into my eyes  \n'Cause something sure is wrong  \nWhen this b", 'The morning breeze that ripples the surface of the sea  \nThe crying of the seagulls that hover over me  \nI see it and I hear it  \nBut how can I explain  \nThe wonder of the moment  \nTo be alive, to fee', "Today a new jet plane  \nTonight it's a new hotel  \nYou live in your own world  \nYou're under a magic spell  \nRikky Rock'n Roller now that you're the headline  \nRikky Rock'n Roller don't it make you fe", "Oh my friend came over so I packed him a pipe  \nI told him he better go easy with this shit but he didn't believe the hype  \nHe sparked three bows just to show he could take it  \nTwo minutes later he ", "Money, money, money  \nMust be funny  \nIn the rich man's world  \nMoney, money, money  \nAlways sunny  \nIn the rich man's world  \nAha-ahaaa  \nAll the things I could do  \nIf I had a little money  \nIt's a "]

[INFO] Iniciando evaluación: 15 ejecuciones (5 consultas × 3 runs)
[INFO] Resultados ? results\1k\results_1k_text_20260705_174948.csv

  ? [TEXT] run=1 | q="I saw it in the mirror  \nI saw it in my face  \nThat I'm no l"
     [VERIFICACIÓN] Índices usados por el Lado B (EXPLAIN): {'gin': ['idx_chunks_modality'], 'gist': ['idx_chunks_modality']}
     Lado A: 0.8 ms | Lado B: 7.8 ms | P@10 A/B: 0.78/0.33 | RR A/B: 1.00/1.00 | overlap: 20.00%
  ? [TEXT] run=2 | q="I saw it in the mirror  \nI saw it in my face  \nThat I'm no l"
     Lado A: 0.7 ms | Lado B: 3.5 ms | P@10 A/B: 0.78/0.33 | RR A/B: 1.00/1.00 | overlap: 20.00%
  ? [TEXT] run=3 | q="I saw it in the mirror  \nI saw it in my face  \nThat I'm no l"
     Lado A: 0.9 ms | Lado B: 3.5 ms | P@10 A/B: 0.78/0.33 | RR A/B: 1.00/1.00 | overlap: 20.00%
  ? [TEXT] run=1 | q='The morning breeze that ripples the surface of the sea  \nThe'
     Lado A: 0.6 ms | Lado B: 2.7 ms | P@10 A/B: 0.89/0.89 | RR A/B: 1.00/1.00 | overlap: 10.00%
  ? [TEXT] run=2 | q='The morning breeze that ripples the surface of the sea  \nThe'
     Lado A: 0.6 ms | Lado B: 2.8 ms | P@10 A/B: 0.89/0.89 | RR A/B: 1.00/1.00 | overlap: 10.00%
  ? [TEXT] run=3 | q='The morning breeze that ripples the surface of the sea  \nThe'
     Lado A: 0.6 ms | Lado B: 2.7 ms | P@10 A/B: 0.89/0.89 | RR A/B: 1.00/1.00 | overlap: 10.00%
  ? [TEXT] run=1 | q="Today a new jet plane  \nTonight it's a new hotel  \nYou live "
     Lado A: 0.6 ms | Lado B: 3.9 ms | P@10 A/B: 0.89/0.44 | RR A/B: 1.00/1.00 | overlap: 30.00%
  ? [TEXT] run=2 | q="Today a new jet plane  \nTonight it's a new hotel  \nYou live "
     Lado A: 0.6 ms | Lado B: 3.7 ms | P@10 A/B: 0.89/0.44 | RR A/B: 1.00/1.00 | overlap: 30.00%
  ? [TEXT] run=3 | q="Today a new jet plane  \nTonight it's a new hotel  \nYou live "
     Lado A: 0.6 ms | Lado B: 4.3 ms | P@10 A/B: 0.89/0.44 | RR A/B: 1.00/1.00 | overlap: 30.00%
  ? [TEXT] run=1 | q='Oh my friend came over so I packed him a pipe  \nI told him h'
     Lado A: 0.9 ms | Lado B: 3.6 ms | P@10 A/B: 0.11/0.11 | RR A/B: 1.00/1.00 | overlap: 20.00%
  ? [TEXT] run=2 | q='Oh my friend came over so I packed him a pipe  \nI told him h'
     Lado A: 1.0 ms | Lado B: 4.0 ms | P@10 A/B: 0.11/0.11 | RR A/B: 1.00/1.00 | overlap: 20.00%
  ? [TEXT] run=3 | q='Oh my friend came over so I packed him a pipe  \nI told him h'
     Lado A: 1.1 ms | Lado B: 3.6 ms | P@10 A/B: 0.11/0.11 | RR A/B: 1.00/1.00 | overlap: 20.00%
  ? [TEXT] run=1 | q="Money, money, money  \nMust be funny  \nIn the rich man's worl"
     Lado A: 0.7 ms | Lado B: 3.1 ms | P@10 A/B: 0.33/0.44 | RR A/B: 1.00/1.00 | overlap: 40.00%
  ? [TEXT] run=2 | q="Money, money, money  \nMust be funny  \nIn the rich man's worl"
     Lado A: 0.7 ms | Lado B: 3.7 ms | P@10 A/B: 0.33/0.44 | RR A/B: 1.00/1.00 | overlap: 40.00%
  ? [TEXT] run=3 | q="Money, money, money  \nMust be funny  \nIn the rich man's worl"
     Lado A: 0.6 ms | Lado B: 3.5 ms | P@10 A/B: 0.33/0.44 | RR A/B: 1.00/1.00 | overlap: 40.00%

[OK] CSV guardado en: results\1k\results_1k_text_20260705_174948.csv

?????????????????????? RESUMEN ??????????????????????
  Escala          : 1k (chunks reales: 1000)
  Modalidad       : text
  Consultas totales: 15

  Latencia promedio  Lado A : 0.73 ms
  Latencia promedio  Lado B : 3.77 ms
  Throughput prom.   Lado A : 1431.49 QPS
  Throughput prom.   Lado B : 281.36 QPS
  RAM delta prom.    Lado A : 0.0109 MB
  RAM delta prom.    Lado B : 0.0003 MB
  Mem pico prom.     Lado A : 0.1510 MB
  Mem pico prom.     Lado B : 0.0035 MB
  IO búsqueda        Lado A : 0.0000 MB (0 reads) — índice ya en RAM
  IO carga índice    Lado A : 0.22 MB (índice: 0.19 MB en disco)
  IO shared_hit prom Lado B : 79 bloques
  IO shared_read pro Lado B : 0 bloques
  MRR@10 prom.        Lado A : 100.00%
  MRR@10 prom.        Lado B : 100.00%

  ?? GIN vs GiST (Lado B texto) ??
  Latencia GIN  : 3.77 ms | GiST: 3.19 ms
  QPS GIN       : 281.36 | GiST: 331.08
  MRR@10 GIN     : 100.00% | GiST: 100.00%
  IO hit/read GIN: 79/0 bloques | GiST: 85/0
  Overlap@10 promedio : 24.00%
?????????????????????????????????????????????????????
[INFO] Chunks de 'image' en la BD: 1000 (escala declarada: 1k = 1000)
[INFO] Etiquetas de relevancia: 112 sources, 17 clases.
[INFO] --queries vacío. Muestreando 5 consultas de la BD...
[INFO] Consultas seleccionadas: ['data\\raw\\fashion-dataset\\images\\10031.jpg', 'data\\raw\\fashion-dataset\\images\\10010.jpg', 'data\\raw\\fashion-dataset\\images\\10015.jpg', 'data\\raw\\fashion-dataset\\images\\10030.jpg', 'data\\raw\\fashion-dataset\\images\\10013.jpg']

[INFO] Iniciando evaluación: 15 ejecuciones (5 consultas × 3 runs)
[INFO] Resultados ? results\1k\results_1k_image_20260705_174953.csv

  ? [IMAGE] run=1 | q='data\\raw\\fashion-dataset\\images\\10031.jpg'
     [VERIFICACIÓN] Índices usados por el Lado B (EXPLAIN): {'hnsw': ['idx_emb_image_hnsw']}
     Lado A: 2180.0 ms | Lado B: 62.5 ms | P@10 A/B: 0.44/0.44 | RR A/B: 1.00/1.00 | overlap: 100.00%
  ? [IMAGE] run=2 | q='data\\raw\\fashion-dataset\\images\\10031.jpg'
     Lado A: 72.7 ms | Lado B: 61.6 ms | P@10 A/B: 0.44/0.44 | RR A/B: 1.00/1.00 | overlap: 100.00%
  ? [IMAGE] run=3 | q='data\\raw\\fashion-dataset\\images\\10031.jpg'
     Lado A: 72.1 ms | Lado B: 66.7 ms | P@10 A/B: 0.44/0.44 | RR A/B: 1.00/1.00 | overlap: 100.00%
  ? [IMAGE] run=1 | q='data\\raw\\fashion-dataset\\images\\10010.jpg'
     Lado A: 72.3 ms | Lado B: 55.6 ms | P@10 A/B: 0.29/0.29 | RR A/B: 1.00/1.00 | overlap: 100.00%
  ? [IMAGE] run=2 | q='data\\raw\\fashion-dataset\\images\\10010.jpg'
     Lado A: 76.3 ms | Lado B: 55.9 ms | P@10 A/B: 0.29/0.29 | RR A/B: 1.00/1.00 | overlap: 100.00%
  ? [IMAGE] run=3 | q='data\\raw\\fashion-dataset\\images\\10010.jpg'
     Lado A: 66.7 ms | Lado B: 60.6 ms | P@10 A/B: 0.29/0.29 | RR A/B: 1.00/1.00 | overlap: 100.00%
  ? [IMAGE] run=1 | q='data\\raw\\fashion-dataset\\images\\10015.jpg'
     Lado A: 73.3 ms | Lado B: 46.5 ms | P@10 A/B: 0.67/0.67 | RR A/B: 1.00/1.00 | overlap: 100.00%
  ? [IMAGE] run=2 | q='data\\raw\\fashion-dataset\\images\\10015.jpg'
     Lado A: 80.7 ms | Lado B: 48.8 ms | P@10 A/B: 0.67/0.67 | RR A/B: 1.00/1.00 | overlap: 100.00%
  ? [IMAGE] run=3 | q='data\\raw\\fashion-dataset\\images\\10015.jpg'
     Lado A: 78.2 ms | Lado B: 46.9 ms | P@10 A/B: 0.67/0.67 | RR A/B: 1.00/1.00 | overlap: 100.00%
  ? [IMAGE] run=1 | q='data\\raw\\fashion-dataset\\images\\10030.jpg'
     Lado A: 50.1 ms | Lado B: 49.3 ms | P@10 A/B: 0.44/0.44 | RR A/B: 1.00/1.00 | overlap: 90.00%
  ? [IMAGE] run=2 | q='data\\raw\\fashion-dataset\\images\\10030.jpg'
     Lado A: 57.7 ms | Lado B: 46.2 ms | P@10 A/B: 0.44/0.44 | RR A/B: 1.00/1.00 | overlap: 90.00%
  ? [IMAGE] run=3 | q='data\\raw\\fashion-dataset\\images\\10030.jpg'
     Lado A: 49.6 ms | Lado B: 46.6 ms | P@10 A/B: 0.44/0.44 | RR A/B: 1.00/1.00 | overlap: 90.00%
  ? [IMAGE] run=1 | q='data\\raw\\fashion-dataset\\images\\10013.jpg'
     Lado A: 64.9 ms | Lado B: 54.7 ms | P@10 A/B: 0.89/0.89 | RR A/B: 1.00/1.00 | overlap: 100.00%
  ? [IMAGE] run=2 | q='data\\raw\\fashion-dataset\\images\\10013.jpg'
     Lado A: 65.4 ms | Lado B: 56.1 ms | P@10 A/B: 0.89/0.89 | RR A/B: 1.00/1.00 | overlap: 100.00%
  ? [IMAGE] run=3 | q='data\\raw\\fashion-dataset\\images\\10013.jpg'
     Lado A: 72.2 ms | Lado B: 55.4 ms | P@10 A/B: 0.89/0.89 | RR A/B: 1.00/1.00 | overlap: 100.00%

[OK] CSV guardado en: results\1k\results_1k_image_20260705_174953.csv

?????????????????????? RESUMEN ??????????????????????
  Escala          : 1k (chunks reales: 1000)
  Modalidad       : image
  Consultas totales: 15

  Latencia promedio  Lado A : 208.83 ms
  Latencia promedio  Lado B : 54.24 ms
  Throughput prom.   Lado A : 14.05 QPS
  Throughput prom.   Lado B : 18.69 QPS
  RAM delta prom.    Lado A : 3.3794 MB
  RAM delta prom.    Lado B : 0.5872 MB
  Mem pico prom.     Lado A : 0.2332 MB
  Mem pico prom.     Lado B : 0.1300 MB
  IO búsqueda        Lado A : 0.0000 MB (0 reads) — índice ya en RAM
  IO carga índice    Lado A : 1.19 MB (índice: 1.06 MB en disco)
  IO shared_hit prom Lado B : 302 bloques
  IO shared_read pro Lado B : 0 bloques
  Precision@10 prom.  Lado A : 54.60%
  Precision@10 prom.  Lado B : 54.60%
  Recall@10 prom.     Lado A : 9.23%
  Recall@10 prom.     Lado B : 9.23%
  Overlap@10 promedio : 98.00%
?????????????????????????????????????????????????????
[INFO] Chunks de 'audio' en la BD: 1000 (escala declarada: 1k = 1000)
[INFO] Etiquetas de relevancia: 50 sources, 6 clases.
[INFO] --queries vacío. Muestreando 5 consultas de la BD...
[INFO] Consultas seleccionadas: ['data\\raw\\fma_small\\000\\000005.mp3', 'data\\raw\\fma_small\\000\\000714.mp3', 'data\\raw\\fma_small\\000\\000534.mp3', 'data\\raw\\fma_small\\000\\000190.mp3', 'data\\raw\\fma_small\\000\\000707.mp3']

[INFO] Iniciando evaluación: 15 ejecuciones (5 consultas × 3 runs)
[INFO] Resultados ? results\1k\results_1k_audio_20260705_175012.csv

  ? [AUDIO] run=1 | q='data\\raw\\fma_small\\000\\000005.mp3'
   -> Cargando modelo K-Means global desde models\audio\kmeans_256_fma.joblib
     [VERIFICACIÓN] Índices usados por el Lado B (EXPLAIN): {'hnsw': ['idx_emb_audio_song_hnsw']}
     Lado A: 0.1 ms | Lado B: 11.6 ms | P@10 A/B: 0.33/0.33 | RR A/B: 1.00/1.00 | overlap: 100.00%
  ? [AUDIO] run=2 | q='data\\raw\\fma_small\\000\\000005.mp3'
   -> Cargando modelo K-Means global desde models\audio\kmeans_256_fma.joblib
     Lado A: 0.1 ms | Lado B: 9.9 ms | P@10 A/B: 0.33/0.33 | RR A/B: 1.00/1.00 | overlap: 100.00%
  ? [AUDIO] run=3 | q='data\\raw\\fma_small\\000\\000005.mp3'
   -> Cargando modelo K-Means global desde models\audio\kmeans_256_fma.joblib
     Lado A: 0.1 ms | Lado B: 8.7 ms | P@10 A/B: 0.33/0.33 | RR A/B: 1.00/1.00 | overlap: 100.00%
  ? [AUDIO] run=1 | q='data\\raw\\fma_small\\000\\000714.mp3'
   -> Cargando modelo K-Means global desde models\audio\kmeans_256_fma.joblib
     Lado A: 0.1 ms | Lado B: 8.5 ms | P@10 A/B: 0.33/0.44 | RR A/B: 1.00/1.00 | overlap: 80.00%
  ? [AUDIO] run=2 | q='data\\raw\\fma_small\\000\\000714.mp3'
   -> Cargando modelo K-Means global desde models\audio\kmeans_256_fma.joblib
     Lado A: 0.1 ms | Lado B: 8.7 ms | P@10 A/B: 0.33/0.44 | RR A/B: 1.00/1.00 | overlap: 80.00%
  ? [AUDIO] run=3 | q='data\\raw\\fma_small\\000\\000714.mp3'
   -> Cargando modelo K-Means global desde models\audio\kmeans_256_fma.joblib
     Lado A: 0.1 ms | Lado B: 10.1 ms | P@10 A/B: 0.33/0.44 | RR A/B: 1.00/1.00 | overlap: 80.00%
  ? [AUDIO] run=1 | q='data\\raw\\fma_small\\000\\000534.mp3'
   -> Cargando modelo K-Means global desde models\audio\kmeans_256_fma.joblib
     Lado A: 0.0 ms | Lado B: 8.2 ms | P@10 A/B: 0.89/0.89 | RR A/B: 1.00/1.00 | overlap: 100.00%
  ? [AUDIO] run=2 | q='data\\raw\\fma_small\\000\\000534.mp3'
   -> Cargando modelo K-Means global desde models\audio\kmeans_256_fma.joblib
     Lado A: 0.0 ms | Lado B: 9.0 ms | P@10 A/B: 0.89/0.89 | RR A/B: 1.00/1.00 | overlap: 100.00%
  ? [AUDIO] run=3 | q='data\\raw\\fma_small\\000\\000534.mp3'
   -> Cargando modelo K-Means global desde models\audio\kmeans_256_fma.joblib
     Lado A: 0.0 ms | Lado B: 8.3 ms | P@10 A/B: 0.89/0.89 | RR A/B: 1.00/1.00 | overlap: 100.00%
  ? [AUDIO] run=1 | q='data\\raw\\fma_small\\000\\000190.mp3'
   -> Cargando modelo K-Means global desde models\audio\kmeans_256_fma.joblib
     Lado A: 0.1 ms | Lado B: 8.9 ms | P@10 A/B: 1.00/1.00 | RR A/B: 1.00/1.00 | overlap: 90.00%
  ? [AUDIO] run=2 | q='data\\raw\\fma_small\\000\\000190.mp3'
   -> Cargando modelo K-Means global desde models\audio\kmeans_256_fma.joblib
     Lado A: 0.1 ms | Lado B: 8.2 ms | P@10 A/B: 1.00/1.00 | RR A/B: 1.00/1.00 | overlap: 90.00%
  ? [AUDIO] run=3 | q='data\\raw\\fma_small\\000\\000190.mp3'
   -> Cargando modelo K-Means global desde models\audio\kmeans_256_fma.joblib
     Lado A: 0.1 ms | Lado B: 8.8 ms | P@10 A/B: 1.00/1.00 | RR A/B: 1.00/1.00 | overlap: 90.00%
  ? [AUDIO] run=1 | q='data\\raw\\fma_small\\000\\000707.mp3'
   -> Cargando modelo K-Means global desde models\audio\kmeans_256_fma.joblib
     Lado A: 0.1 ms | Lado B: 8.5 ms | P@10 A/B: 0.33/0.33 | RR A/B: 1.00/1.00 | overlap: 80.00%
  ? [AUDIO] run=2 | q='data\\raw\\fma_small\\000\\000707.mp3'
   -> Cargando modelo K-Means global desde models\audio\kmeans_256_fma.joblib
     Lado A: 0.1 ms | Lado B: 9.1 ms | P@10 A/B: 0.33/0.33 | RR A/B: 1.00/1.00 | overlap: 80.00%
  ? [AUDIO] run=3 | q='data\\raw\\fma_small\\000\\000707.mp3'
   -> Cargando modelo K-Means global desde models\audio\kmeans_256_fma.joblib
     Lado A: 0.1 ms | Lado B: 8.8 ms | P@10 A/B: 0.33/0.33 | RR A/B: 1.00/1.00 | overlap: 80.00%

[OK] CSV guardado en: results\1k\results_1k_audio_20260705_175012.csv

?????????????????????? RESUMEN ??????????????????????
  Escala          : 1k (chunks reales: 1000)
  Modalidad       : audio
  Consultas totales: 15

  Latencia promedio  Lado A : 0.06 ms
  Latencia promedio  Lado B : 9.02 ms
  Throughput prom.   Lado A : 16617.89 QPS
  Throughput prom.   Lado B : 111.73 QPS
  RAM delta prom.    Lado A : 0.0021 MB
  RAM delta prom.    Lado B : 0.0039 MB
  Mem pico prom.     Lado A : 0.0046 MB
  Mem pico prom.     Lado B : 0.0635 MB
  IO búsqueda        Lado A : 0.0000 MB (0 reads) — índice ya en RAM
  IO carga índice    Lado A : 0.28 MB (índice: 0.01 MB en disco)
  IO shared_hit prom Lado B : 106 bloques
  IO shared_read pro Lado B : 0 bloques
  MRR@10 prom.        Lado A : 100.00%
  MRR@10 prom.        Lado B : 100.00%
  Overlap@10 promedio : 90.00%
?????????????????????????????????????????????????????

########## ESCALA 1k (1000 chunks x 3 modalidad(es)) ##########

======================================================================
>>> Ingesta text (1k)
    D:\multimodal-search\.venv\Scripts\python.exe -m scripts.ingest --modality text --max-chunks 1000 --truncate
======================================================================

[OK] Ingesta text (1k) completada en 0.8 min.

======================================================================
>>> Ingesta image (1k)
    D:\multimodal-search\.venv\Scripts\python.exe -m scripts.ingest --modality image --max-chunks 1000 --limit 999999 --sample 200000
======================================================================

[OK] Ingesta image (1k) completada en 3.6 min.

======================================================================
>>> Ingesta audio (1k)
    D:\multimodal-search\.venv\Scripts\python.exe -m scripts.ingest --modality audio --max-chunks 1000 --limit 999999 --hop-ms 1500
======================================================================

[OK] Ingesta audio (1k) completada en 0.6 min.

======================================================================
>>> Índice invertido text
    D:\multimodal-search\.venv\Scripts\python.exe -m scripts.build_index --modality text
======================================================================

[OK] Índice invertido text completada en 0.1 min.

======================================================================
>>> Índice invertido image
    D:\multimodal-search\.venv\Scripts\python.exe -m scripts.build_index --modality image
======================================================================

[OK] Índice invertido image completada en 0.1 min.

======================================================================
>>> Índice invertido audio
    D:\multimodal-search\.venv\Scripts\python.exe -m scripts.build_index --modality audio
======================================================================

[OK] Índice invertido audio completada en 0.1 min.

======================================================================
>>> Evaluación text (1k)
    D:\multimodal-search\.venv\Scripts\python.exe -m scripts.evaluate_performance --modality text --scale 1k --k 10 --runs 3 --n_queries 5 --output results/1k
======================================================================

[OK] Evaluación text (1k) completada en 0.1 min.

======================================================================
>>> Evaluación image (1k)
    D:\multimodal-search\.venv\Scripts\python.exe -m scripts.evaluate_performance --modality image --scale 1k --k 10 --runs 3 --n_queries 5 --output results/1k
======================================================================

[OK] Evaluación image (1k) completada en 0.3 min.

======================================================================
>>> Evaluación audio (1k)
    D:\multimodal-search\.venv\Scripts\python.exe -m scripts.evaluate_performance --modality audio --scale 1k --k 10 --runs 3 --n_queries 5 --output results/1k
======================================================================

[OK] Evaluación audio (1k) completada en 0.2 min.

########## ESCALA 1k COMPLETA en 5.7 min ##########
CSVs en: results/1k/  ?  genera gráficos con: python -m scripts.plot_results
